#
# A fatal error has been detected by the Java Runtime Environment:
#
#  EXCEPTION_IN_PAGE_ERROR (0xc0000006) at pc=0x00007ffca542c6d0, pid=2096, tid=9444
#
# JRE version: OpenJDK Runtime Environment (21.0.6) (build 21.0.6+-13355223-b631.42)
# Java VM: OpenJDK 64-Bit Server VM (21.0.6+-13355223-b631.42, mixed mode, tiered, compressed oops, compressed class ptrs, g1 gc, windows-amd64)
# Problematic frame:
# V  [jvm.dll+0x47c6d0]
#
# No core dump will be written. Minidumps are not enabled by default on client versions of Windows
#
# If you would like to submit a bug report, please visit:
#   https://youtrack.jetbrains.com/issues/JBR
# The crash happened outside the Java Virtual Machine in native code.
# See problematic frame for where to report the bug.
#

---------------  S U M M A R Y ------------

Command Line: -Dorg.gradle.appname=gradlew org.gradle.wrapper.GradleWrapperMain -q -Ptarget-platform=android-arm,android-arm64,android-x64 -Ptarget=lib\main.dart -Pbase-application-name=android.app.Application -Pdart-obfuscation=false -Ptrack-widget-creation=true -Ptree-shake-icons=true assembleRelease

Host: Intel(R) Core(TM) i3-2330M CPU @ 2.20GHz, 4 cores, 5G,  Windows 11 , 64 bit Build 22000 (10.0.22000.2538)
Time: Fri Apr 25 21:45:39 2025 Morocco Daylight Time elapsed time: 1.596472 seconds (0d 0h 0m 1s)

---------------  T H R E A D  ---------------

Current thread (0x00000296bee35340):  JavaThread "main"             [_thread_in_native, id=9444, stack(0x000000f8cc400000,0x000000f8cc500000) (1024K)]

Stack: [0x000000f8cc400000,0x000000f8cc500000],  sp=0x000000f8cc4fc078,  free space=1008k
Native frames: (J=compiled Java code, j=interpreted, Vv=VM code, C=native code)
V  [jvm.dll+0x47c6d0]
C  [verify.dll+0x54c2]

Java frames: (J=compiled Java code, j=interpreted, Vv=VM code)
j  java.lang.Class.getDeclaredMethods0(Z)[Ljava/lang/reflect/Method;+0 java.base@21.0.6
j  java.lang.Class.privateGetDeclaredMethods(Z)[Ljava/lang/reflect/Method;+34 java.base@21.0.6
j  java.lang.Class.getMethodsRecursive(Ljava/lang/String;[Ljava/lang/Class;Z)Ljava/lang/PublicMethods$MethodList;+2 java.base@21.0.6
j  java.lang.Class.getMethod0(Ljava/lang/String;[Ljava/lang/Class;)Ljava/lang/reflect/Method;+14 java.base@21.0.6
j  java.lang.Class.getMethod(Ljava/lang/String;[Ljava/lang/Class;)Ljava/lang/reflect/Method;+26 java.base@21.0.6
j  jdk.internal.misc.MainMethodFinder.findMainMethod(Ljava/lang/Class;)Ljava/lang/reflect/Method;+28 java.base@21.0.6
j  sun.launcher.LauncherHelper.validateMainClass(Ljava/lang/Class;)V+3 java.base@21.0.6
j  sun.launcher.LauncherHelper.checkAndLoadMain(ZILjava/lang/String;)Ljava/lang/Class;+80 java.base@21.0.6
v  ~StubRoutines::call_stub 0x00000296cb6c100d

siginfo: EXCEPTION_IN_PAGE_ERROR (0xc0000006), data execution prevention violation at address 0x00007ffca542c6d0


Registers:
RAX=0x00000296d77c0d00, RBX=0x0000000000000008, RCX=0x00000296bee356f8, RDX=0x00000296d73ffff0
RSP=0x000000f8cc4fc078, RBP=0x0000000000000027, RSI=0x000000f8cc4fc150, RDI=0x00000296bee356f8
R8 =0x0000000000000008, R9 =0x0000000000000027, R10=0x00007ffcf4d00000, R11=0x00007ffcf4d015d1
R12=0x0000000000000008, R13=0x00000296d73ffff0, R14=0x00000296d77979c0, R15=0x00000296d73ffff0
RIP=0x00007ffca542c6d0, EFLAGS=0x0000000000010202

XMM[0]=0x2a00b82900b72812 0x2a592700bb1300b8
XMM[1]=0x2a00b82900b72812 0x2a592700bb1300b8
XMM[2]=0xb05300b8b04200b7 0x5200b65100b60912
XMM[3]=0x00640069006f0072 0x0064006e0041005c
XMM[4]=0x005c006f00690064 0x0075007400530020
XMM[5]=0xbb1300b81700b62a 0x00b82900b728122a
XMM[6]=0x0000000000000000 0x0000000000000000
XMM[7]=0x0000000000000000 0x0000000000000000
XMM[8]=0x0000000000000000 0x0000000000000000
XMM[9]=0x0000000000000000 0x0000000000000000
XMM[10]=0x0000000000000000 0x0000000000000000
XMM[11]=0x0000000000000000 0x0000000000000000
XMM[12]=0x0000000000000000 0x0000000000000000
XMM[13]=0x0000000000000000 0x0000000000000000
XMM[14]=0x0000000000000000 0x0000000000000000
XMM[15]=0x0000000000000000 0x0000000000000000
  MXCSR=0x00001fa0


Register to memory mapping:

RAX=0x00000296d77c0d00 points into unknown readable memory: 0x2a592700bb1300b8 | b8 00 13 bb 00 27 59 2a
RBX=0x0000000000000008 is an unknown value
RCX=0x00000296bee356f8 points into unknown readable memory: 0x00007ffca5ae4500 | 00 45 ae a5 fc 7f 00 00
RDX=0x00000296d73ffff0 points into unknown readable memory: 0x00000000a6a5a0a0 | a0 a0 a5 a6 00 00 00 00
RSP=0x000000f8cc4fc078 is pointing into the stack for thread: 0x00000296bee35340
RBP=0x0000000000000027 is an unknown value
RSI=0x000000f8cc4fc150 is pointing into the stack for thread: 0x00000296bee35340
RDI=0x00000296bee356f8 points into unknown readable memory: 0x00007ffca5ae4500 | 00 45 ae a5 fc 7f 00 00
R8 =0x0000000000000008 is an unknown value
R9 =0x0000000000000027 is an unknown value
R10=0x00007ffcf4d00000 VCRUNTIME140.dll
R11=0x00007ffcf4d015d1 VCRUNTIME140.dll
R12=0x0000000000000008 is an unknown value
R13=0x00000296d73ffff0 points into unknown readable memory: 0x00000000a6a5a0a0 | a0 a0 a5 a6 00 00 00 00
R14=0x00000296d77979c0 points into unknown readable memory: 0x00000296d77c0d00 | 00 0d 7c d7 96 02 00 00
R15=0x00000296d73ffff0 points into unknown readable memory: 0x00000000a6a5a0a0 | a0 a0 a5 a6 00 00 00 00

Top of Stack: (sp=0x000000f8cc4fc078)
0x000000f8cc4fc078:   00007ffcfa8754c2 0000000000000000
0x000000f8cc4fc088:   0000000000000028 00000296d73ffff0
0x000000f8cc4fc098:   00007ffca5420000 0000000000000008
0x000000f8cc4fc0a8:   00000296bee356f8 00000296d73ffff0
0x000000f8cc4fc0b8:   00000296d77979c0 0000000000000009
0x000000f8cc4fc0c8:   00000296d7797980 000000f8cc4fc150
0x000000f8cc4fc0d8:   00000296d77c0900 000000f8cc4fc1f0
0x000000f8cc4fc0e8:   00007ffcfa871542 00000000ffffffff
0x000000f8cc4fc0f8:   00000296d73ffff0 0000029600000008
0x000000f8cc4fc108:   0000000000000008 00000296d77c0d00
0x000000f8cc4fc118:   00007ffd01181dfa 000000f8cc4fc150
0x000000f8cc4fc128:   00000296d73ffff0 00000296bee356f8
0x000000f8cc4fc138:   00000296d7797980 00000296d77c08e0
0x000000f8cc4fc148:   00000296d77d9d80 00000296bee356f8
0x000000f8cc4fc158:   00000296d7705e50 0000000000000424
0x000000f8cc4fc168:   000000f8cc4fc260 00000296d77c08e0
0x000000f8cc4fc178:   0000000000000001 0000000000000000
0x000000f8cc4fc188:   00000296d7797980 0000000000000001
0x000000f8cc4fc198:   000000f8cc4fc170 00000296d77b8240
0x000000f8cc4fc1a8:   0000000000000001 000000f8cc4fc188
0x000000f8cc4fc1b8:   00000296d77d6370 0000000000000001
0x000000f8cc4fc1c8:   000000f8cc4fc1a0 00000296d77c3420
0x000000f8cc4fc1d8:   0000000000000001 000000f8cc4fc1b8
0x000000f8cc4fc1e8:   00000296d77d3330 0000000000000001
0x000000f8cc4fc1f8:   000000f8cc4fc1d0 00000296d77c0670
0x000000f8cc4fc208:   0000000000000001 000000f8cc4fc1e8
0x000000f8cc4fc218:   00000296d77c3640 0000000000000001
0x000000f8cc4fc228:   000000f8cc4fc200 00000296d77c35a0
0x000000f8cc4fc238:   0000000000000001 000000f8cc4fc218
0x000000f8cc4fc248:   00000296d77d2cd0 0000000000000001
0x000000f8cc4fc258:   000000f8cc4fc230 00000296d77c0d00
0x000000f8cc4fc268:   0000000000000001 000000f8cc4fc248 

Instructions: (pc=0x00007ffca542c6d0)
0x00007ffca542c5d0:   e8 4b 5d 2b 00 8b 83 40 04 00 00 a8 0c 74 08 48
0x00007ffca542c5e0:   8b cb e8 39 29 f7 ff 48 8b c7 c7 83 44 04 00 00
0x00007ffca542c5f0:   06 00 00 00 83 e0 03 48 83 f8 01 75 0c 48 8d 4f
0x00007ffca542c600:   ff ff 15 29 53 6b 00 eb 15 48 83 f8 02 75 0c 48
0x00007ffca542c610:   8d 4f fe ff 15 07 ca 6a 00 eb 03 48 8b 07 8b 15
0x00007ffca542c620:   9c a0 71 00 48 8b c8 e8 54 e3 23 00 48 8b 8b d0
0x00007ffca542c630:   05 00 00 48 85 c9 74 18 48 8b 91 88 00 00 00 48
0x00007ffca542c640:   85 d2 74 0c 48 3b d0 75 07 48 8b 81 90 00 00 00
0x00007ffca542c650:   48 8b 80 a0 01 00 00 48 8b bb 98 01 00 00 48 8b
0x00007ffca542c660:   4c f0 08 48 8b 41 08 0f b7 70 2a 48 8b 47 10 48
0x00007ffca542c670:   83 38 00 74 0c 48 8b cf e8 63 25 f2 ff 48 8b 47
0x00007ffca542c680:   10 48 8b 4f 08 48 89 41 10 48 8b 57 08 48 8b 4f
0x00007ffca542c690:   18 48 89 4a 18 48 8b 4f 20 48 8b 57 08 48 89 4a
0x00007ffca542c6a0:   20 48 8d 8b 98 03 00 00 e8 e3 70 e9 ff 90 8b c6
0x00007ffca542c6b0:   48 8b 74 24 38 c7 83 44 04 00 00 04 00 00 00 48
0x00007ffca542c6c0:   8b 5c 24 30 48 83 c4 20 5f c3 cc cc cc cc cc cc
0x00007ffca542c6d0:   48 89 5c 24 08 48 89 74 24 10 57 48 83 ec 20 8b
0x00007ffca542c6e0:   81 b0 00 00 00 48 8d 99 48 fc ff ff 05 53 21 ff
0x00007ffca542c6f0:   ff 49 63 f0 48 8b fa 83 f8 01 77 08 48 8b cb e8
0x00007ffca542c700:   dc 12 f7 ff 80 3d 15 90 71 00 00 c7 83 44 04 00
0x00007ffca542c710:   00 06 00 00 00 75 06 e8 74 3e 24 00 90 48 8b 83
0x00007ffca542c720:   48 04 00 00 a8 01 74 0d 45 33 c0 b2 01 48 8b cb
0x00007ffca542c730:   e8 eb 5b 2b 00 8b 83 40 04 00 00 a8 0c 74 08 48
0x00007ffca542c740:   8b cb e8 d9 27 f7 ff 48 8b c7 c7 83 44 04 00 00
0x00007ffca542c750:   06 00 00 00 83 e0 03 48 83 f8 01 75 0c 48 8d 4f
0x00007ffca542c760:   ff ff 15 c9 51 6b 00 eb 15 48 83 f8 02 75 0c 48
0x00007ffca542c770:   8d 4f fe ff 15 a7 c8 6a 00 eb 03 48 8b 07 8b 15
0x00007ffca542c780:   3c 9f 71 00 48 8b c8 e8 f4 e1 23 00 48 8b 8b d0
0x00007ffca542c790:   05 00 00 48 85 c9 74 18 48 8b 91 88 00 00 00 48
0x00007ffca542c7a0:   85 d2 74 0c 48 3b d0 75 07 48 8b 81 90 00 00 00
0x00007ffca542c7b0:   48 8b 80 a0 01 00 00 48 8b bb 98 01 00 00 48 8b
0x00007ffca542c7c0:   4c f0 08 48 8b 47 10 8b 71 28 81 e6 ff 1d 00 00 


Stack slot to memory mapping:

stack at sp + 0 slots: 0x00007ffcfa8754c2 verify.dll
stack at sp + 1 slots: 0x0 is null
stack at sp + 2 slots: 0x0000000000000028 is an unknown value
stack at sp + 3 slots: 0x00000296d73ffff0 points into unknown readable memory: 0x00000000a6a5a0a0 | a0 a0 a5 a6 00 00 00 00
stack at sp + 4 slots: 0x00007ffca5420000 jvm.dll
stack at sp + 5 slots: 0x0000000000000008 is an unknown value
stack at sp + 6 slots: 0x00000296bee356f8 points into unknown readable memory: 0x00007ffca5ae4500 | 00 45 ae a5 fc 7f 00 00
stack at sp + 7 slots: 0x00000296d73ffff0 points into unknown readable memory: 0x00000000a6a5a0a0 | a0 a0 a5 a6 00 00 00 00


---------------  P R O C E S S  ---------------

Threads class SMR info:
_java_thread_list=0x00000296d7793e50, length=11, elements={
0x00000296bee35340, 0x00000296d748c900, 0x00000296d748d740, 0x00000296d75f2600,
0x00000296d75e8e00, 0x00000296d75d6aa0, 0x00000296d75cba30, 0x00000296d75fafa0,
0x00000296d761ba40, 0x00000296d77b5b00, 0x00000296d77b8740
}

Java Threads: ( => current thread )
=>0x00000296bee35340 JavaThread "main"                              [_thread_in_native, id=9444, stack(0x000000f8cc400000,0x000000f8cc500000) (1024K)]
  0x00000296d748c900 JavaThread "Reference Handler"          daemon [_thread_blocked, id=2724, stack(0x000000f8ccc00000,0x000000f8ccd00000) (1024K)]
  0x00000296d748d740 JavaThread "Finalizer"                  daemon [_thread_blocked, id=6184, stack(0x000000f8ccd00000,0x000000f8cce00000) (1024K)]
  0x00000296d75f2600 JavaThread "Signal Dispatcher"          daemon [_thread_blocked, id=8960, stack(0x000000f8cce00000,0x000000f8ccf00000) (1024K)]
  0x00000296d75e8e00 JavaThread "Attach Listener"            daemon [_thread_blocked, id=3228, stack(0x000000f8ccf00000,0x000000f8cd000000) (1024K)]
  0x00000296d75d6aa0 JavaThread "Service Thread"             daemon [_thread_blocked, id=3840, stack(0x000000f8cd000000,0x000000f8cd100000) (1024K)]
  0x00000296d75cba30 JavaThread "Monitor Deflation Thread"   daemon [_thread_blocked, id=688, stack(0x000000f8cd100000,0x000000f8cd200000) (1024K)]
  0x00000296d75fafa0 JavaThread "C2 CompilerThread0"         daemon [_thread_blocked, id=2116, stack(0x000000f8cd200000,0x000000f8cd300000) (1024K)]
  0x00000296d761ba40 JavaThread "C1 CompilerThread0"         daemon [_thread_blocked, id=8756, stack(0x000000f8cd300000,0x000000f8cd400000) (1024K)]
  0x00000296d77b5b00 JavaThread "Notification Thread"        daemon [_thread_blocked, id=9044, stack(0x000000f8cd400000,0x000000f8cd500000) (1024K)]
  0x00000296d77b8740 JavaThread "Common-Cleaner"             daemon [_thread_blocked, id=6812, stack(0x000000f8cd500000,0x000000f8cd600000) (1024K)]
Total: 11

Other Threads:
  0x00000296bee10430 VMThread "VM Thread"                           [id=3268, stack(0x000000f8ccb00000,0x000000f8ccc00000) (1024K)]
  0x00000296d73b56f0 WatcherThread "VM Periodic Task Thread"        [id=8168, stack(0x000000f8cca00000,0x000000f8ccb00000) (1024K)]
  0x00000296bee0fcf0 WorkerThread "GC Thread#0"                     [id=7704, stack(0x000000f8cc500000,0x000000f8cc600000) (1024K)]
  0x00000296c107ef50 ConcurrentGCThread "G1 Main Marker"            [id=1192, stack(0x000000f8cc600000,0x000000f8cc700000) (1024K)]
  0x00000296bee10090 WorkerThread "G1 Conc#0"                       [id=5944, stack(0x000000f8cc700000,0x000000f8cc800000) (1024K)]
  0x00000296c10f5190 ConcurrentGCThread "G1 Refine#0"               [id=7392, stack(0x000000f8cc800000,0x000000f8cc900000) (1024K)]
  0x00000296c10f6d10 ConcurrentGCThread "G1 Service"                [id=9656, stack(0x000000f8cc900000,0x000000f8cca00000) (1024K)]
Total: 7

Threads with active compile tasks:
Total: 0

VM state: not at safepoint (normal execution)

VM Mutex/Monitor currently owned by a thread: None

Heap address: 0x00000000a0c00000, size: 1524 MB, Compressed Oops mode: 32-bit

CDS archive(s) not mapped
Compressed class space mapped at: 0x0000000100000000-0x0000000140000000, reserved size: 1073741824
Narrow klass base: 0x0000000000000000, Narrow klass shift: 3, Narrow klass range: 0x140000000

GC Precious Log:
 CardTable entry size: 512
 Card Set container configuration: InlinePtr #cards 5 size 8 Array Of Cards #cards 12 size 40 Howl #buckets 4 coarsen threshold 1843 Howl Bitmap #cards 512 size 80 coarsen threshold 460 Card regions per heap region 1 cards per card region 2048
 CPUs: 4 total, 4 available
 Memory: 6091M
 Large Page Support: Disabled
 NUMA Support: Disabled
 Compressed Oops: Enabled (32-bit)
 Heap Region Size: 1M
 Heap Min Capacity: 8M
 Heap Initial Capacity: 96M
 Heap Max Capacity: 1524M
 Pre-touch: Disabled
 Parallel Workers: 4
 Concurrent Workers: 1
 Concurrent Refinement Workers: 4
 Periodic GC: Disabled

Heap:
 garbage-first heap   total 98304K, used 1024K [0x00000000a0c00000, 0x0000000100000000)
  region size 1024K, 2 young (2048K), 0 survivors (0K)
 Metaspace       used 5108K, committed 5248K, reserved 1114112K
  class space    used 445K, committed 512K, reserved 1048576K

Heap Regions: E=young(eden), S=young(survivor), O=old, HS=humongous(starts), HC=humongous(continues), CS=collection set, F=free, TAMS=top-at-mark-start, PB=parsable bottom
|   0|0x00000000a0c00000, 0x00000000a0c00000, 0x00000000a0d00000|  0%| F|  |TAMS 0x00000000a0c00000| PB 0x00000000a0c00000| Untracked 
|   1|0x00000000a0d00000, 0x00000000a0d00000, 0x00000000a0e00000|  0%| F|  |TAMS 0x00000000a0d00000| PB 0x00000000a0d00000| Untracked 
|   2|0x00000000a0e00000, 0x00000000a0e00000, 0x00000000a0f00000|  0%| F|  |TAMS 0x00000000a0e00000| PB 0x00000000a0e00000| Untracked 
|   3|0x00000000a0f00000, 0x00000000a0f00000, 0x00000000a1000000|  0%| F|  |TAMS 0x00000000a0f00000| PB 0x00000000a0f00000| Untracked 
|   4|0x00000000a1000000, 0x00000000a1000000, 0x00000000a1100000|  0%| F|  |TAMS 0x00000000a1000000| PB 0x00000000a1000000| Untracked 
|   5|0x00000000a1100000, 0x00000000a1100000, 0x00000000a1200000|  0%| F|  |TAMS 0x00000000a1100000| PB 0x00000000a1100000| Untracked 
|   6|0x00000000a1200000, 0x00000000a1200000, 0x00000000a1300000|  0%| F|  |TAMS 0x00000000a1200000| PB 0x00000000a1200000| Untracked 
|   7|0x00000000a1300000, 0x00000000a1300000, 0x00000000a1400000|  0%| F|  |TAMS 0x00000000a1300000| PB 0x00000000a1300000| Untracked 
|   8|0x00000000a1400000, 0x00000000a1400000, 0x00000000a1500000|  0%| F|  |TAMS 0x00000000a1400000| PB 0x00000000a1400000| Untracked 
|   9|0x00000000a1500000, 0x00000000a1500000, 0x00000000a1600000|  0%| F|  |TAMS 0x00000000a1500000| PB 0x00000000a1500000| Untracked 
|  10|0x00000000a1600000, 0x00000000a1600000, 0x00000000a1700000|  0%| F|  |TAMS 0x00000000a1600000| PB 0x00000000a1600000| Untracked 
|  11|0x00000000a1700000, 0x00000000a1700000, 0x00000000a1800000|  0%| F|  |TAMS 0x00000000a1700000| PB 0x00000000a1700000| Untracked 
|  12|0x00000000a1800000, 0x00000000a1800000, 0x00000000a1900000|  0%| F|  |TAMS 0x00000000a1800000| PB 0x00000000a1800000| Untracked 
|  13|0x00000000a1900000, 0x00000000a1900000, 0x00000000a1a00000|  0%| F|  |TAMS 0x00000000a1900000| PB 0x00000000a1900000| Untracked 
|  14|0x00000000a1a00000, 0x00000000a1a00000, 0x00000000a1b00000|  0%| F|  |TAMS 0x00000000a1a00000| PB 0x00000000a1a00000| Untracked 
|  15|0x00000000a1b00000, 0x00000000a1b00000, 0x00000000a1c00000|  0%| F|  |TAMS 0x00000000a1b00000| PB 0x00000000a1b00000| Untracked 
|  16|0x00000000a1c00000, 0x00000000a1c00000, 0x00000000a1d00000|  0%| F|  |TAMS 0x00000000a1c00000| PB 0x00000000a1c00000| Untracked 
|  17|0x00000000a1d00000, 0x00000000a1d00000, 0x00000000a1e00000|  0%| F|  |TAMS 0x00000000a1d00000| PB 0x00000000a1d00000| Untracked 
|  18|0x00000000a1e00000, 0x00000000a1e00000, 0x00000000a1f00000|  0%| F|  |TAMS 0x00000000a1e00000| PB 0x00000000a1e00000| Untracked 
|  19|0x00000000a1f00000, 0x00000000a1f00000, 0x00000000a2000000|  0%| F|  |TAMS 0x00000000a1f00000| PB 0x00000000a1f00000| Untracked 
|  20|0x00000000a2000000, 0x00000000a2000000, 0x00000000a2100000|  0%| F|  |TAMS 0x00000000a2000000| PB 0x00000000a2000000| Untracked 
|  21|0x00000000a2100000, 0x00000000a2100000, 0x00000000a2200000|  0%| F|  |TAMS 0x00000000a2100000| PB 0x00000000a2100000| Untracked 
|  22|0x00000000a2200000, 0x00000000a2200000, 0x00000000a2300000|  0%| F|  |TAMS 0x00000000a2200000| PB 0x00000000a2200000| Untracked 
|  23|0x00000000a2300000, 0x00000000a2300000, 0x00000000a2400000|  0%| F|  |TAMS 0x00000000a2300000| PB 0x00000000a2300000| Untracked 
|  24|0x00000000a2400000, 0x00000000a2400000, 0x00000000a2500000|  0%| F|  |TAMS 0x00000000a2400000| PB 0x00000000a2400000| Untracked 
|  25|0x00000000a2500000, 0x00000000a2500000, 0x00000000a2600000|  0%| F|  |TAMS 0x00000000a2500000| PB 0x00000000a2500000| Untracked 
|  26|0x00000000a2600000, 0x00000000a2600000, 0x00000000a2700000|  0%| F|  |TAMS 0x00000000a2600000| PB 0x00000000a2600000| Untracked 
|  27|0x00000000a2700000, 0x00000000a2700000, 0x00000000a2800000|  0%| F|  |TAMS 0x00000000a2700000| PB 0x00000000a2700000| Untracked 
|  28|0x00000000a2800000, 0x00000000a2800000, 0x00000000a2900000|  0%| F|  |TAMS 0x00000000a2800000| PB 0x00000000a2800000| Untracked 
|  29|0x00000000a2900000, 0x00000000a2900000, 0x00000000a2a00000|  0%| F|  |TAMS 0x00000000a2900000| PB 0x00000000a2900000| Untracked 
|  30|0x00000000a2a00000, 0x00000000a2a00000, 0x00000000a2b00000|  0%| F|  |TAMS 0x00000000a2a00000| PB 0x00000000a2a00000| Untracked 
|  31|0x00000000a2b00000, 0x00000000a2b00000, 0x00000000a2c00000|  0%| F|  |TAMS 0x00000000a2b00000| PB 0x00000000a2b00000| Untracked 
|  32|0x00000000a2c00000, 0x00000000a2c00000, 0x00000000a2d00000|  0%| F|  |TAMS 0x00000000a2c00000| PB 0x00000000a2c00000| Untracked 
|  33|0x00000000a2d00000, 0x00000000a2d00000, 0x00000000a2e00000|  0%| F|  |TAMS 0x00000000a2d00000| PB 0x00000000a2d00000| Untracked 
|  34|0x00000000a2e00000, 0x00000000a2e00000, 0x00000000a2f00000|  0%| F|  |TAMS 0x00000000a2e00000| PB 0x00000000a2e00000| Untracked 
|  35|0x00000000a2f00000, 0x00000000a2f00000, 0x00000000a3000000|  0%| F|  |TAMS 0x00000000a2f00000| PB 0x00000000a2f00000| Untracked 
|  36|0x00000000a3000000, 0x00000000a3000000, 0x00000000a3100000|  0%| F|  |TAMS 0x00000000a3000000| PB 0x00000000a3000000| Untracked 
|  37|0x00000000a3100000, 0x00000000a3100000, 0x00000000a3200000|  0%| F|  |TAMS 0x00000000a3100000| PB 0x00000000a3100000| Untracked 
|  38|0x00000000a3200000, 0x00000000a3200000, 0x00000000a3300000|  0%| F|  |TAMS 0x00000000a3200000| PB 0x00000000a3200000| Untracked 
|  39|0x00000000a3300000, 0x00000000a3300000, 0x00000000a3400000|  0%| F|  |TAMS 0x00000000a3300000| PB 0x00000000a3300000| Untracked 
|  40|0x00000000a3400000, 0x00000000a3400000, 0x00000000a3500000|  0%| F|  |TAMS 0x00000000a3400000| PB 0x00000000a3400000| Untracked 
|  41|0x00000000a3500000, 0x00000000a3500000, 0x00000000a3600000|  0%| F|  |TAMS 0x00000000a3500000| PB 0x00000000a3500000| Untracked 
|  42|0x00000000a3600000, 0x00000000a3600000, 0x00000000a3700000|  0%| F|  |TAMS 0x00000000a3600000| PB 0x00000000a3600000| Untracked 
|  43|0x00000000a3700000, 0x00000000a3700000, 0x00000000a3800000|  0%| F|  |TAMS 0x00000000a3700000| PB 0x00000000a3700000| Untracked 
|  44|0x00000000a3800000, 0x00000000a3800000, 0x00000000a3900000|  0%| F|  |TAMS 0x00000000a3800000| PB 0x00000000a3800000| Untracked 
|  45|0x00000000a3900000, 0x00000000a3900000, 0x00000000a3a00000|  0%| F|  |TAMS 0x00000000a3900000| PB 0x00000000a3900000| Untracked 
|  46|0x00000000a3a00000, 0x00000000a3a00000, 0x00000000a3b00000|  0%| F|  |TAMS 0x00000000a3a00000| PB 0x00000000a3a00000| Untracked 
|  47|0x00000000a3b00000, 0x00000000a3b00000, 0x00000000a3c00000|  0%| F|  |TAMS 0x00000000a3b00000| PB 0x00000000a3b00000| Untracked 
|  48|0x00000000a3c00000, 0x00000000a3c00000, 0x00000000a3d00000|  0%| F|  |TAMS 0x00000000a3c00000| PB 0x00000000a3c00000| Untracked 
|  49|0x00000000a3d00000, 0x00000000a3d00000, 0x00000000a3e00000|  0%| F|  |TAMS 0x00000000a3d00000| PB 0x00000000a3d00000| Untracked 
|  50|0x00000000a3e00000, 0x00000000a3e00000, 0x00000000a3f00000|  0%| F|  |TAMS 0x00000000a3e00000| PB 0x00000000a3e00000| Untracked 
|  51|0x00000000a3f00000, 0x00000000a3f00000, 0x00000000a4000000|  0%| F|  |TAMS 0x00000000a3f00000| PB 0x00000000a3f00000| Untracked 
|  52|0x00000000a4000000, 0x00000000a4000000, 0x00000000a4100000|  0%| F|  |TAMS 0x00000000a4000000| PB 0x00000000a4000000| Untracked 
|  53|0x00000000a4100000, 0x00000000a4100000, 0x00000000a4200000|  0%| F|  |TAMS 0x00000000a4100000| PB 0x00000000a4100000| Untracked 
|  54|0x00000000a4200000, 0x00000000a4200000, 0x00000000a4300000|  0%| F|  |TAMS 0x00000000a4200000| PB 0x00000000a4200000| Untracked 
|  55|0x00000000a4300000, 0x00000000a4300000, 0x00000000a4400000|  0%| F|  |TAMS 0x00000000a4300000| PB 0x00000000a4300000| Untracked 
|  56|0x00000000a4400000, 0x00000000a4400000, 0x00000000a4500000|  0%| F|  |TAMS 0x00000000a4400000| PB 0x00000000a4400000| Untracked 
|  57|0x00000000a4500000, 0x00000000a4500000, 0x00000000a4600000|  0%| F|  |TAMS 0x00000000a4500000| PB 0x00000000a4500000| Untracked 
|  58|0x00000000a4600000, 0x00000000a4600000, 0x00000000a4700000|  0%| F|  |TAMS 0x00000000a4600000| PB 0x00000000a4600000| Untracked 
|  59|0x00000000a4700000, 0x00000000a4700000, 0x00000000a4800000|  0%| F|  |TAMS 0x00000000a4700000| PB 0x00000000a4700000| Untracked 
|  60|0x00000000a4800000, 0x00000000a4800000, 0x00000000a4900000|  0%| F|  |TAMS 0x00000000a4800000| PB 0x00000000a4800000| Untracked 
|  61|0x00000000a4900000, 0x00000000a4900000, 0x00000000a4a00000|  0%| F|  |TAMS 0x00000000a4900000| PB 0x00000000a4900000| Untracked 
|  62|0x00000000a4a00000, 0x00000000a4a00000, 0x00000000a4b00000|  0%| F|  |TAMS 0x00000000a4a00000| PB 0x00000000a4a00000| Untracked 
|  63|0x00000000a4b00000, 0x00000000a4b00000, 0x00000000a4c00000|  0%| F|  |TAMS 0x00000000a4b00000| PB 0x00000000a4b00000| Untracked 
|  64|0x00000000a4c00000, 0x00000000a4c00000, 0x00000000a4d00000|  0%| F|  |TAMS 0x00000000a4c00000| PB 0x00000000a4c00000| Untracked 
|  65|0x00000000a4d00000, 0x00000000a4d00000, 0x00000000a4e00000|  0%| F|  |TAMS 0x00000000a4d00000| PB 0x00000000a4d00000| Untracked 
|  66|0x00000000a4e00000, 0x00000000a4e00000, 0x00000000a4f00000|  0%| F|  |TAMS 0x00000000a4e00000| PB 0x00000000a4e00000| Untracked 
|  67|0x00000000a4f00000, 0x00000000a4f00000, 0x00000000a5000000|  0%| F|  |TAMS 0x00000000a4f00000| PB 0x00000000a4f00000| Untracked 
|  68|0x00000000a5000000, 0x00000000a5000000, 0x00000000a5100000|  0%| F|  |TAMS 0x00000000a5000000| PB 0x00000000a5000000| Untracked 
|  69|0x00000000a5100000, 0x00000000a5100000, 0x00000000a5200000|  0%| F|  |TAMS 0x00000000a5100000| PB 0x00000000a5100000| Untracked 
|  70|0x00000000a5200000, 0x00000000a5200000, 0x00000000a5300000|  0%| F|  |TAMS 0x00000000a5200000| PB 0x00000000a5200000| Untracked 
|  71|0x00000000a5300000, 0x00000000a5300000, 0x00000000a5400000|  0%| F|  |TAMS 0x00000000a5300000| PB 0x00000000a5300000| Untracked 
|  72|0x00000000a5400000, 0x00000000a5400000, 0x00000000a5500000|  0%| F|  |TAMS 0x00000000a5400000| PB 0x00000000a5400000| Untracked 
|  73|0x00000000a5500000, 0x00000000a5500000, 0x00000000a5600000|  0%| F|  |TAMS 0x00000000a5500000| PB 0x00000000a5500000| Untracked 
|  74|0x00000000a5600000, 0x00000000a5600000, 0x00000000a5700000|  0%| F|  |TAMS 0x00000000a5600000| PB 0x00000000a5600000| Untracked 
|  75|0x00000000a5700000, 0x00000000a5700000, 0x00000000a5800000|  0%| F|  |TAMS 0x00000000a5700000| PB 0x00000000a5700000| Untracked 
|  76|0x00000000a5800000, 0x00000000a5800000, 0x00000000a5900000|  0%| F|  |TAMS 0x00000000a5800000| PB 0x00000000a5800000| Untracked 
|  77|0x00000000a5900000, 0x00000000a5900000, 0x00000000a5a00000|  0%| F|  |TAMS 0x00000000a5900000| PB 0x00000000a5900000| Untracked 
|  78|0x00000000a5a00000, 0x00000000a5a00000, 0x00000000a5b00000|  0%| F|  |TAMS 0x00000000a5a00000| PB 0x00000000a5a00000| Untracked 
|  79|0x00000000a5b00000, 0x00000000a5b00000, 0x00000000a5c00000|  0%| F|  |TAMS 0x00000000a5b00000| PB 0x00000000a5b00000| Untracked 
|  80|0x00000000a5c00000, 0x00000000a5c00000, 0x00000000a5d00000|  0%| F|  |TAMS 0x00000000a5c00000| PB 0x00000000a5c00000| Untracked 
|  81|0x00000000a5d00000, 0x00000000a5d00000, 0x00000000a5e00000|  0%| F|  |TAMS 0x00000000a5d00000| PB 0x00000000a5d00000| Untracked 
|  82|0x00000000a5e00000, 0x00000000a5e00000, 0x00000000a5f00000|  0%| F|  |TAMS 0x00000000a5e00000| PB 0x00000000a5e00000| Untracked 
|  83|0x00000000a5f00000, 0x00000000a5f00000, 0x00000000a6000000|  0%| F|  |TAMS 0x00000000a5f00000| PB 0x00000000a5f00000| Untracked 
|  84|0x00000000a6000000, 0x00000000a6000000, 0x00000000a6100000|  0%| F|  |TAMS 0x00000000a6000000| PB 0x00000000a6000000| Untracked 
|  85|0x00000000a6100000, 0x00000000a6100000, 0x00000000a6200000|  0%| F|  |TAMS 0x00000000a6100000| PB 0x00000000a6100000| Untracked 
|  86|0x00000000a6200000, 0x00000000a6200000, 0x00000000a6300000|  0%| F|  |TAMS 0x00000000a6200000| PB 0x00000000a6200000| Untracked 
|  87|0x00000000a6300000, 0x00000000a6300000, 0x00000000a6400000|  0%| F|  |TAMS 0x00000000a6300000| PB 0x00000000a6300000| Untracked 
|  88|0x00000000a6400000, 0x00000000a6400000, 0x00000000a6500000|  0%| F|  |TAMS 0x00000000a6400000| PB 0x00000000a6400000| Untracked 
|  89|0x00000000a6500000, 0x00000000a6500000, 0x00000000a6600000|  0%| F|  |TAMS 0x00000000a6500000| PB 0x00000000a6500000| Untracked 
|  90|0x00000000a6600000, 0x00000000a6600000, 0x00000000a6700000|  0%| F|  |TAMS 0x00000000a6600000| PB 0x00000000a6600000| Untracked 
|  91|0x00000000a6700000, 0x00000000a6700000, 0x00000000a6800000|  0%| F|  |TAMS 0x00000000a6700000| PB 0x00000000a6700000| Untracked 
|  92|0x00000000a6800000, 0x00000000a6800000, 0x00000000a6900000|  0%| F|  |TAMS 0x00000000a6800000| PB 0x00000000a6800000| Untracked 
|  93|0x00000000a6900000, 0x00000000a6900000, 0x00000000a6a00000|  0%| F|  |TAMS 0x00000000a6900000| PB 0x00000000a6900000| Untracked 
|  94|0x00000000a6a00000, 0x00000000a6ac7bf0, 0x00000000a6b00000| 78%| E|  |TAMS 0x00000000a6a00000| PB 0x00000000a6a00000| Complete 
|  95|0x00000000a6b00000, 0x00000000a6c00000, 0x00000000a6c00000|100%| E|CS|TAMS 0x00000000a6b00000| PB 0x00000000a6b00000| Complete 

Card table byte_map: [0x00000296d3490000,0x00000296d3790000] _byte_map_base: 0x00000296d2f8a000

Marking Bits: (CMBitMap*) 0x00000296c1071670
 Bits: [0x00000296d3790000, 0x00000296d4f60000)

Polling page: 0x00000296c0800000

Metaspace:

Usage:
  Non-class:      4.55 MB used.
      Class:    445.64 KB used.
       Both:      4.99 MB used.

Virtual space:
  Non-class space:       64.00 MB reserved,       4.62 MB (  7%) committed,  1 nodes.
      Class space:        1.00 GB reserved,     512.00 KB ( <1%) committed,  1 nodes.
             Both:        1.06 GB reserved,       5.12 MB ( <1%) committed. 

Chunk freelists:
   Non-Class:  10.99 MB
       Class:  15.56 MB
        Both:  26.55 MB

MaxMetaspaceSize: unlimited
CompressedClassSpaceSize: 1.00 GB
Initial GC threshold: 21.00 MB
Current GC threshold: 21.00 MB
CDS: off
 - commit_granule_bytes: 65536.
 - commit_granule_words: 8192.
 - virtual_space_node_default_size: 8388608.
 - enlarge_chunks_in_place: 1.
 - use_allocation_guard: 0.


Internal statistics:

num_allocs_failed_limit: 0.
num_arena_births: 4.
num_arena_deaths: 0.
num_vsnodes_births: 2.
num_vsnodes_deaths: 0.
num_space_committed: 82.
num_space_uncommitted: 0.
num_chunks_returned_to_freelist: 0.
num_chunks_taken_from_freelist: 8.
num_chunk_merges: 0.
num_chunk_splits: 4.
num_chunks_enlarged: 1.
num_inconsistent_stats: 0.

CodeHeap 'non-profiled nmethods': size=120000Kb used=16Kb max_used=16Kb free=119983Kb
 bounds [0x00000296cbc60000, 0x00000296cbed0000, 0x00000296d3190000]
CodeHeap 'profiled nmethods': size=120000Kb used=106Kb max_used=106Kb free=119893Kb
 bounds [0x00000296c4190000, 0x00000296c4400000, 0x00000296cb6c0000]
CodeHeap 'non-nmethods': size=5760Kb used=1184Kb max_used=1184Kb free=4575Kb
 bounds [0x00000296cb6c0000, 0x00000296cb930000, 0x00000296cbc60000]
 total_blobs=417 nmethods=83 adapters=239
 compilation: enabled
              stopped_count=0, restarted_count=0
 full_count=0

Compilation events (20 events):
Event: 0.328 Thread 0x00000296d761ba40   74       3       java.lang.StringLatin1::canEncode (13 bytes)
Event: 0.328 Thread 0x00000296d761ba40 nmethod 74 0x00000296c41a7b10 code [0x00000296c41a7ca0, 0x00000296c41a7de0]
Event: 0.329 Thread 0x00000296d761ba40   75       3       java.lang.AbstractStringBuilder::isLatin1 (19 bytes)
Event: 0.329 Thread 0x00000296d761ba40 nmethod 75 0x00000296c41a7e90 code [0x00000296c41a8040, 0x00000296c41a81b0]
Event: 0.415 Thread 0x00000296d761ba40   76       3       java.lang.Math::min (11 bytes)
Event: 0.415 Thread 0x00000296d761ba40 nmethod 76 0x00000296c41a8210 code [0x00000296c41a83a0, 0x00000296c41a84d8]
Event: 0.417 Thread 0x00000296d761ba40   77       3       java.lang.StringLatin1::indexOfChar (33 bytes)
Event: 0.418 Thread 0x00000296d761ba40 nmethod 77 0x00000296c41a8590 code [0x00000296c41a8740, 0x00000296c41a8960]
Event: 0.485 Thread 0x00000296d761ba40   78       3       java.lang.Math::max (11 bytes)
Event: 0.485 Thread 0x00000296d761ba40 nmethod 78 0x00000296c41a8a90 code [0x00000296c41a8c20, 0x00000296c41a8d58]
Event: 0.581 Thread 0x00000296d761ba40   79       3       java.util.zip.ZipUtils::SH (21 bytes)
Event: 0.581 Thread 0x00000296d761ba40 nmethod 79 0x00000296c41a8e10 code [0x00000296c41a8fc0, 0x00000296c41a9108]
Event: 0.757 Thread 0x00000296d761ba40   80       3       java.util.HashMap::<init> (11 bytes)
Event: 0.757 Thread 0x00000296d761ba40 nmethod 80 0x00000296c41a9210 code [0x00000296c41a93c0, 0x00000296c41a9590]
Event: 0.774 Thread 0x00000296d761ba40   81       3       java.util.HashMap::afterNodeInsertion (1 bytes)
Event: 0.774 Thread 0x00000296d761ba40 nmethod 81 0x00000296c41a9690 code [0x00000296c41a9820, 0x00000296c41a9928]
Event: 0.846 Thread 0x00000296d761ba40   82       3       java.lang.StringBuilder::append (8 bytes)
Event: 0.847 Thread 0x00000296d761ba40 nmethod 82 0x00000296c41a9990 code [0x00000296c41a9b40, 0x00000296c41a9c90]
Event: 0.847 Thread 0x00000296d761ba40   83       3       java.lang.AbstractStringBuilder::append (77 bytes)
Event: 0.847 Thread 0x00000296d761ba40 nmethod 83 0x00000296c41a9d10 code [0x00000296c41a9f20, 0x00000296c41aa5d8]

GC Heap History (0 events):
No events

Dll operation events (3 events):
Event: 0.013 Loaded shared library C:\Program Files\Android\Android Studio\jbr\bin\java.dll
Event: 0.024 Loaded shared library C:\Program Files\Android\Android Studio\jbr\bin\zip.dll
Event: 0.870 Loaded shared library C:\Program Files\Android\Android Studio\jbr\bin\verify.dll

Deoptimization events (0 events):
No events

Classes loaded (20 events):
Event: 0.813 Loading class java/lang/RuntimePermission
Event: 0.832 Loading class java/security/BasicPermission
Event: 0.833 Loading class java/security/Permission
Event: 0.833 Loading class java/security/Guard
Event: 0.833 Loading class java/security/Guard done
Event: 0.833 Loading class java/security/Permission done
Event: 0.833 Loading class java/security/BasicPermission done
Event: 0.833 Loading class java/lang/RuntimePermission done
Event: 0.833 Loading class java/security/BasicPermissionCollection
Event: 0.833 Loading class java/security/BasicPermissionCollection done
Event: 0.833 Loading class java/security/AllPermission
Event: 0.833 Loading class java/security/AllPermission done
Event: 0.833 Loading class java/security/UnresolvedPermission
Event: 0.846 Loading class java/security/UnresolvedPermission done
Event: 0.846 Loading class java/security/SecureClassLoader$DebugHolder
Event: 0.846 Loading class java/security/SecureClassLoader$DebugHolder done
Event: 0.847 Loading class jdk/internal/misc/MainMethodFinder
Event: 0.847 Loading class jdk/internal/misc/MainMethodFinder done
Event: 0.847 Loading class jdk/internal/misc/PreviewFeatures
Event: 0.847 Loading class jdk/internal/misc/PreviewFeatures done

Classes unloaded (0 events):
No events

Classes redefined (0 events):
No events

Internal exceptions (0 events):
No events

ZGC Phase Switch (0 events):
No events

VM Operations (2 events):
Event: 0.748 Executing VM operation: HandshakeAllThreads (Deoptimize)
Event: 0.757 Executing VM operation: HandshakeAllThreads (Deoptimize) done

Memory protections (0 events):
No events

Nmethod flushes (0 events):
No events

Events (14 events):
Event: 0.022 Thread 0x00000296bee35340 Thread added: 0x00000296bee35340
Event: 0.125 Thread 0x00000296bee35340 Thread added: 0x00000296d748c900
Event: 0.125 Thread 0x00000296bee35340 Thread added: 0x00000296d748d740
Event: 0.128 Thread 0x00000296bee35340 Thread added: 0x00000296d75f2600
Event: 0.128 Thread 0x00000296bee35340 Thread added: 0x00000296d75e8e00
Event: 0.128 Thread 0x00000296bee35340 Thread added: 0x00000296d75d6aa0
Event: 0.128 Thread 0x00000296bee35340 Thread added: 0x00000296d75cba30
Event: 0.129 Thread 0x00000296bee35340 Thread added: 0x00000296d75fafa0
Event: 0.129 Thread 0x00000296bee35340 Thread added: 0x00000296d761ba40
Event: 0.248 Thread 0x00000296bee35340 Thread added: 0x00000296d77b5b00
Event: 0.380 Thread 0x00000296bee35340 Thread added: 0x00000296d77b8740
Event: 0.510 Loaded shared library C:\Program Files\Android\Android Studio\jbr\bin\net.dll
Event: 0.529 Loaded shared library C:\Program Files\Android\Android Studio\jbr\bin\nio.dll
Event: 0.655 Loaded shared library C:\Program Files\Android\Android Studio\jbr\bin\zip.dll


Dynamic libraries:
0x00007ff65a4d0000 - 0x00007ff65a4da000 	C:\Program Files\Android\Android Studio\jbr\bin\java.exe
0x00007ffd01160000 - 0x00007ffd01369000 	C:\Windows\SYSTEM32\ntdll.dll
0x00007ffd01040000 - 0x00007ffd010fd000 	C:\Windows\System32\KERNEL32.DLL
0x00007ffcfe920000 - 0x00007ffcfeca4000 	C:\Windows\System32\KERNELBASE.dll
0x00007ffcfe790000 - 0x00007ffcfe8a1000 	C:\Windows\System32\ucrtbase.dll
0x00007ffcfac20000 - 0x00007ffcfac38000 	C:\Program Files\Android\Android Studio\jbr\bin\jli.dll
0x00007ffcf4d00000 - 0x00007ffcf4d1b000 	C:\Program Files\Android\Android Studio\jbr\bin\VCRUNTIME140.dll
0x00007ffcff7d0000 - 0x00007ffcff97d000 	C:\Windows\System32\USER32.dll
0x00007ffcec130000 - 0x00007ffcec3d5000 	C:\Windows\WinSxS\amd64_microsoft.windows.common-controls_6595b64144ccf1df_6.0.22000.120_none_9d947278b86cc467\COMCTL32.dll
0x00007ffd00150000 - 0x00007ffd001f3000 	C:\Windows\System32\msvcrt.dll
0x00007ffcff790000 - 0x00007ffcff7ba000 	C:\Windows\System32\GDI32.dll
0x00007ffcfee20000 - 0x00007ffcfee46000 	C:\Windows\System32\win32u.dll
0x00007ffcfe5f0000 - 0x00007ffcfe70e000 	C:\Windows\System32\gdi32full.dll
0x00007ffcfee50000 - 0x00007ffcfeeed000 	C:\Windows\System32\msvcp_win.dll
0x00007ffd00400000 - 0x00007ffd00431000 	C:\Windows\System32\IMM32.DLL
0x00007ffcfab50000 - 0x00007ffcfab5c000 	C:\Program Files\Android\Android Studio\jbr\bin\vcruntime140_1.dll
0x00007ffce84b0000 - 0x00007ffce853d000 	C:\Program Files\Android\Android Studio\jbr\bin\msvcp140.dll
0x00007ffca4fb0000 - 0x00007ffca5c3b000 	C:\Program Files\Android\Android Studio\jbr\bin\server\jvm.dll
0x00007ffd00d00000 - 0x00007ffd00dae000 	C:\Windows\System32\ADVAPI32.dll
0x00007ffd00200000 - 0x00007ffd0029e000 	C:\Windows\System32\sechost.dll
0x00007ffd00a10000 - 0x00007ffd00b31000 	C:\Windows\System32\RPCRT4.dll
0x00007ffd00c80000 - 0x00007ffd00cef000 	C:\Windows\System32\WS2_32.dll
0x00007ffcfe4d0000 - 0x00007ffcfe51d000 	C:\Windows\SYSTEM32\POWRPROF.dll
0x00007ffcf0be0000 - 0x00007ffcf0bea000 	C:\Windows\SYSTEM32\VERSION.dll
0x00007ffcf9310000 - 0x00007ffcf9343000 	C:\Windows\SYSTEM32\WINMM.dll
0x00007ffcfe4a0000 - 0x00007ffcfe4b3000 	C:\Windows\SYSTEM32\UMPDC.dll
0x00007ffcfd660000 - 0x00007ffcfd678000 	C:\Windows\SYSTEM32\kernel.appcore.dll
0x00007ffcfab20000 - 0x00007ffcfab2a000 	C:\Program Files\Android\Android Studio\jbr\bin\jimage.dll
0x00007ffcee240000 - 0x00007ffcee461000 	C:\Windows\SYSTEM32\DBGHELP.DLL
0x00007ffcede70000 - 0x00007ffcedea1000 	C:\Windows\SYSTEM32\dbgcore.DLL
0x00007ffcfe710000 - 0x00007ffcfe78f000 	C:\Windows\System32\bcryptPrimitives.dll
0x00007ffcf4c80000 - 0x00007ffcf4ca0000 	C:\Program Files\Android\Android Studio\jbr\bin\java.dll
0x00007ffcf4c40000 - 0x00007ffcf4c58000 	C:\Program Files\Android\Android Studio\jbr\bin\zip.dll
0x00007ffcff980000 - 0x00007ffd00145000 	C:\Windows\System32\SHELL32.dll
0x00007ffcfc6c0000 - 0x00007ffcfcf22000 	C:\Windows\SYSTEM32\windows.storage.dll
0x00007ffcff160000 - 0x00007ffcff4d6000 	C:\Windows\System32\combase.dll
0x00007ffcfc550000 - 0x00007ffcfc6b7000 	C:\Windows\SYSTEM32\wintypes.dll
0x00007ffd00db0000 - 0x00007ffd00e9a000 	C:\Windows\System32\SHCORE.dll
0x00007ffcff4e0000 - 0x00007ffcff53d000 	C:\Windows\System32\shlwapi.dll
0x00007ffcfe520000 - 0x00007ffcfe545000 	C:\Windows\SYSTEM32\profapi.dll
0x00007ffcfa8a0000 - 0x00007ffcfa8b0000 	C:\Program Files\Android\Android Studio\jbr\bin\net.dll
0x00007ffcf91f0000 - 0x00007ffcf9304000 	C:\Windows\SYSTEM32\WINHTTP.dll
0x00007ffcfdb10000 - 0x00007ffcfdb77000 	C:\Windows\system32\mswsock.dll
0x00007ffcf49a0000 - 0x00007ffcf49b6000 	C:\Program Files\Android\Android Studio\jbr\bin\nio.dll
0x00007ffcfa870000 - 0x00007ffcfa880000 	C:\Program Files\Android\Android Studio\jbr\bin\verify.dll

dbghelp: loaded successfully - version: 4.0.5 - missing functions: none
symbol engine: initialized successfully - sym options: 0x614 - pdb path: .;C:\Program Files\Android\Android Studio\jbr\bin;C:\Windows\SYSTEM32;C:\Windows\WinSxS\amd64_microsoft.windows.common-controls_6595b64144ccf1df_6.0.22000.120_none_9d947278b86cc467;C:\Program Files\Android\Android Studio\jbr\bin\server

VM Arguments:
jvm_args: -Dorg.gradle.appname=gradlew 
java_command: org.gradle.wrapper.GradleWrapperMain -q -Ptarget-platform=android-arm,android-arm64,android-x64 -Ptarget=lib\main.dart -Pbase-application-name=android.app.Application -Pdart-obfuscation=false -Ptrack-widget-creation=true -Ptree-shake-icons=true assembleRelease
java_class_path (initial): C:\Users\awita\tabibok_application\android\\gradle\wrapper\gradle-wrapper.jar
Launcher Type: SUN_STANDARD

[Global flags]
     intx CICompilerCount                          = 3                                         {product} {ergonomic}
     uint ConcGCThreads                            = 1                                         {product} {ergonomic}
     uint G1ConcRefinementThreads                  = 4                                         {product} {ergonomic}
   size_t G1HeapRegionSize                         = 1048576                                   {product} {ergonomic}
    uintx GCDrainStackTargetSize                   = 64                                        {product} {ergonomic}
   size_t InitialHeapSize                          = 100663296                                 {product} {ergonomic}
   size_t MarkStackSize                            = 4194304                                   {product} {ergonomic}
   size_t MaxHeapSize                              = 1598029824                                {product} {ergonomic}
   size_t MaxNewSize                               = 958398464                                 {product} {ergonomic}
   size_t MinHeapDeltaBytes                        = 1048576                                   {product} {ergonomic}
   size_t MinHeapSize                              = 8388608                                   {product} {ergonomic}
    uintx NonNMethodCodeHeapSize                   = 5832780                                {pd product} {ergonomic}
    uintx NonProfiledCodeHeapSize                  = 122912730                              {pd product} {ergonomic}
    uintx ProfiledCodeHeapSize                     = 122912730                              {pd product} {ergonomic}
    uintx ReservedCodeCacheSize                    = 251658240                              {pd product} {ergonomic}
     bool SegmentedCodeCache                       = true                                      {product} {ergonomic}
   size_t SoftMaxHeapSize                          = 1598029824                             {manageable} {ergonomic}
     bool UseCompressedOops                        = true                           {product lp64_product} {ergonomic}
     bool UseG1GC                                  = true                                      {product} {ergonomic}
     bool UseLargePagesIndividualAllocation        = false                                  {pd product} {ergonomic}

Logging:
Log output configuration:
 #0: stdout all=warning uptime,level,tags foldmultilines=false
 #1: stderr all=off uptime,level,tags foldmultilines=false

Environment Variables:
JAVA_HOME=C:\Program Files\Android\Android Studio\jbr
CLASSPATH=C:\Users\awita\tabibok_application\android\\gradle\wrapper\gradle-wrapper.jar
PATH=C:\Program Files\Android\Android Studio\jbr\bin;C:\Users\awita\flutter\bin\;C:\Program Files (x86)\Common Files\Oracle\Java\java8path;C:\Program Files (x86)\Common Files\Oracle\Java\javapath;C:\Windows\system32;C:\Windows;C:\Windows\System32\Wbem;C:\Windows\System32\WindowsPowerShell\v1.0\;C:\Windows\System32\OpenSSH\;C:\Program Files (x86)\Lua\5.1\clibs;C:\Program Files (x86)\Lua\5.1\;C:\Program Files (x86)\Lua\5.1;C:\msys64\ucrt64\bin;C:\Program Files\Git\cmd;C:\Program Files\dotnet\;C:\Program Files (x86)\Windows Kits\10\Windows Performance Toolkit\;C:\SDL2\lib\x64;C:\SDL2\include;C:\Program Files\CMake\bin;C:\Users\awita\AppData\Local\Microsoft\WindowsApps\pip3.exe;C:\Users\awita\.cargo\bin;C:\Users\awita\AppData\Local\Programs\Python\Launcher\;C:\Users\awita\AppData\Local\Microsoft\WindowsApps;C:\Program Files\JetBrains\CLion 2024.3.4\bin;;C:\Users\awita\AppData\Local\Programs\Microsoft VS Code\bin;C:\Users\awita\AppData\Local\GitHubDesktop\bin;C:\Users\awita\.dotnet\tools;C:\Users\awita\flutter\bin
USERNAME=awita
LANG=en_US.UTF-8
OS=Windows_NT
PROCESSOR_IDENTIFIER=Intel64 Family 6 Model 42 Stepping 7, GenuineIntel
TMP=C:\Users\awita\AppData\Local\Temp
TEMP=C:\Users\awita\AppData\Local\Temp




Periodic native trim disabled

JNI global refs:
JNI global refs: 9, weak refs: 0

JNI global refs memory usage: 835, weak refs: 201

Process memory usage:
Resident Set Size: 31732K (0% of 6238060K total physical memory with 1946764K free physical memory)

OOME stack traces (most recent first):
Classloader memory used:
Loader bootstrap                                                                       : 5102K
Loader jdk.internal.loader.ClassLoaders$AppClassLoader                                 : 6224B

---------------  S Y S T E M  ---------------

OS:
 Windows 11 , 64 bit Build 22000 (10.0.22000.2538)
OS uptime: 0 days 2:06 hours

CPU: total 4 (initial active 4) (2 cores per cpu, 2 threads per core) family 6 model 42 stepping 7 microcode 0x2f, cx8, cmov, fxsr, ht, mmx, sse, sse2, sse3, ssse3, sse4.1, sse4.2, popcnt, tsc, tscinvbit, avx, clmul, vzeroupper, clflush, rdtscp
Processor Information for the first 4 processors :
  Max Mhz: 2200, Current Mhz: 2200, Mhz Limit: 2200

Memory: 4k page, system-wide physical 6091M (1901M free)
TotalPageFile size 21195M (AvailPageFile size 15955M)
current process WorkingSet (physical memory assigned to process): 30M, peak: 30M
current process commit charge ("private bytes"): 160M, peak: 161M

vm_info: OpenJDK 64-Bit Server VM (21.0.6+-13355223-b631.42) for windows-amd64 JRE (21.0.6+-13355223-b631.42), built on 2025-04-14T18:21:23Z by "builder" with MS VC++ 16.10 / 16.11 (VS2019)

END.
